[    0.000000] Initializing cgroup subsys cpuset
[    0.000000] Initializing cgroup subsys cpu
[    0.000000] Initializing cgroup subsys cpuacct
[    0.000000] Linux version 4.4.0-210-generic (buildd@lgw01-amd64-009) (gcc version 5.4.0 20160609 (Ubuntu 5.4.0-6ubuntu1~16.04.12) ) #242-Ubuntu SMP Fri Apr 16 09:57:56 UTC 2021 (Ubuntu 4.4.0-210.242-generic 4.4.262)
[    0.000000] Command line: BOOT_IMAGE=/boot/vmlinuz-4.4.0-210-generic root=LABEL=cloudimg-rootfs ro console=tty1 console=ttyS0
[    0.000000] KERNEL supported cpus:
[    0.000000]   Intel GenuineIntel
[    0.000000]   AMD AuthenticAMD
[    0.000000]   Centaur CentaurHauls
[    0.000000] x86/fpu: xstate_offset[2]:  576, xstate_sizes[2]:  256
[    0.000000] x86/fpu: Supporting XSAVE feature 0x01: 'x87 floating point registers'
[    0.000000] x86/fpu: Supporting XSAVE feature 0x02: 'SSE registers'
[    0.000000] x86/fpu: Supporting XSAVE feature 0x04: 'AVX registers'
[    0.000000] x86/fpu: Enabled xstate features 0x7, context size is 832 bytes, using 'standard' format.
[    0.000000] e820: BIOS-provided physical RAM map:
[    0.000000] BIOS-e820: [mem 0x0000000000000000-0x000000000009fbff] usable
[    0.000000] BIOS-e820: [mem 0x000000000009fc00-0x000000000009ffff] reserved
[    0.000000] BIOS-e820: [mem 0x00000000000f0000-0x00000000000fffff] reserved
[    0.000000] BIOS-e820: [mem 0x0000000000100000-0x000000003ffeffff] usable
[    0.000000] BIOS-e820: [mem 0x000000003fff0000-0x000000003fffffff] ACPI data
[    0.000000] BIOS-e820: [mem 0x00000000fec00000-0x00000000fec00fff] reserved
[    0.000000] BIOS-e820: [mem 0x00000000fee00000-0x00000000fee00fff] reserved
[    0.000000] BIOS-e820: [mem 0x00000000fffc0000-0x00000000ffffffff] reserved
[    0.000000] NX (Execute Disable) protection: active
[    0.000000] SMBIOS 2.5 present.
[    0.000000] Hypervisor detected: KVM
[    0.000000] e820: last_pfn = 0x3fff0 max_arch_pfn = 0x400000000
[    0.000000] MTRR: Disabled
[    0.000000] x86/PAT: MTRRs disabled, skipping PAT initialization too.
[    0.000000] CPU MTRRs all blank - virtualized system.
[    0.000000] x86/PAT: Configuration [0-7]: WB  WT  UC- UC  WB  WT  UC- UC  
[    0.000000] found SMP MP-table at [mem 0x0009fff0-0x0009ffff] mapped at [ffff88000009fff0]
[    0.000000] Scanning 1 areas for low memory corruption
[    0.000000] RAMDISK: [mem 0x362de000-0x37166fff]
[    0.000000] ACPI: Early table checksum verification disabled
[    0.000000] ACPI: RSDP 0x00000000000E0000 000024 (v02 VBOX  )
[    0.000000] ACPI: XSDT 0x000000003FFF0030 00003C (v01 VBOX   VBOXXSDT 00000001 ASL  00000061)
[    0.000000] ACPI: FACP 0x000000003FFF00F0 0000F4 (v04 VBOX   VBOXFACP 00000001 ASL  00000061)
[    0.000000] ACPI: DSDT 0x000000003FFF0470 002325 (v02 VBOX   VBOXBIOS 00000002 INTL 20100528)
[    0.000000] ACPI: FACS 0x000000003FFF0200 000040
[    0.000000] ACPI: FACS 0x000000003FFF0200 000040
[    0.000000] ACPI: APIC 0x000000003FFF0240 00005C (v02 VBOX   VBOXAPIC 00000001 ASL  00000061)
[    0.000000] ACPI: SSDT 0x000000003FFF02A0 0001CC (v01 VBOX   VBOXCPUT 00000002 INTL 20100528)
[    0.000000] No NUMA configuration found
[    0.000000] Faking a node at [mem 0x0000000000000000-0x000000003ffeffff]
[    0.000000] NODE_DATA(0) allocated [mem 0x3ffeb000-0x3ffeffff]
[    0.000000] kvm-clock: Using msrs 4b564d01 and 4b564d00
[    0.000000] kvm-clock: cpu 0, msr 0:3ffe3001, primary cpu clock
[    0.000000] kvm-clock: using sched offset of 4176397176 cycles
[    0.000000] clocksource: kvm-clock: mask: 0xffffffffffffffff max_cycles: 0x1cd42e4dffb, max_idle_ns: 881590591483 ns
[    0.000000] Zone ranges:
[    0.000000]   DMA      [mem 0x0000000000001000-0x0000000000ffffff]
[    0.000000]   DMA32    [mem 0x0000000001000000-0x000000003ffeffff]
[    0.000000]   Normal   empty
[    0.000000]   Device   empty
[    0.000000] Movable zone start for each node
[    0.000000] Early memory node ranges
[    0.000000]   node   0: [mem 0x0000000000001000-0x000000000009efff]
[    0.000000]   node   0: [mem 0x0000000000100000-0x000000003ffeffff]
[    0.000000] Initmem setup node 0 [mem 0x0000000000001000-0x000000003ffeffff]
[    0.000000] ACPI: PM-Timer IO Port: 0x4008
[    0.000000] IOAPIC[0]: apic_id 2, version 32, address 0xfec00000, GSI 0-23
[    0.000000] ACPI: INT_SRC_OVR (bus 0 bus_irq 0 global_irq 2 dfl dfl)
[    0.000000] ACPI: INT_SRC_OVR (bus 0 bus_irq 9 global_irq 9 low level)
[    0.000000] Using ACPI (MADT) for SMP configuration information
[    0.000000] smpboot: Allowing 2 CPUs, 0 hotplug CPUs
[    0.000000] PM: Registered nosave memory: [mem 0x00000000-0x00000fff]
[    0.000000] PM: Registered nosave memory: [mem 0x0009f000-0x0009ffff]
[    0.000000] PM: Registered nosave memory: [mem 0x000a0000-0x000effff]
[    0.000000] PM: Registered nosave memory: [mem 0x000f0000-0x000fffff]
[    0.000000] e820: [mem 0x40000000-0xfebfffff] available for PCI devices
[    0.000000] Booting paravirtualized kernel on KVM
[    0.000000] clocksource: refined-jiffies: mask: 0xffffffff max_cycles: 0xffffffff, max_idle_ns: 7645519600211568 ns
[    0.000000] setup_percpu: NR_CPUS:512 nr_cpumask_bits:512 nr_cpu_ids:2 nr_node_ids:1
[    0.000000] PERCPU: Embedded 33 pages/cpu @ffff88003fc00000 s95192 r8192 d31784 u1048576
[    0.000000] Built 1 zonelists in Node order, mobility grouping on.  Total pages: 257912
[    0.000000] Policy zone: DMA32
[    0.000000] Kernel command line: BOOT_IMAGE=/boot/vmlinuz-4.4.0-210-generic root=LABEL=cloudimg-rootfs ro console=tty1 console=ttyS0
[    0.000000] PID hash table entries: 4096 (order: 3, 32768 bytes)
[    0.000000] Memory: 997796K/1048120K available (8644K kernel code, 1332K rwdata, 4044K rodata, 1492K init, 1164K bss, 50324K reserved, 0K cma-reserved)
[    0.000000] SLUB: HWalign=64, Order=0-3, MinObjects=0, CPUs=2, Nodes=1
[    0.000000] Kernel/User page tables isolation: enabled
[    0.000000] Hierarchical RCU implementation.
[    0.000000] 	Build-time adjustment of leaf fanout to 64.
[    0.000000] 	RCU restricting CPUs from NR_CPUS=512 to nr_cpu_ids=2.
[    0.000000] RCU: Adjusting geometry for rcu_fanout_leaf=64, nr_cpu_ids=2
[    0.000000] NR_IRQS:33024 nr_irqs:440 16
[    0.000000] Console: colour VGA+ 80x25
[    0.000000] console [tty1] enabled
[    0.000000] console [ttyS0] enabled
[    0.000000] tsc: Detected 3602.220 MHz processor
[    0.314260] Calibrating delay loop (skipped) preset value.. 7204.44 BogoMIPS (lpj=14408880)
[    0.317934] pid_max: default: 32768 minimum: 301
[    0.319785] ACPI: Core revision 20150930
[    0.325131] ACPI: 2 ACPI AML tables successfully acquired and loaded
[    0.327629] Security Framework initialized
[    0.329473] Yama: becoming mindful.
[    0.330967] AppArmor: AppArmor initialized
[    0.333069] Dentry cache hash table entries: 131072 (order: 8, 1048576 bytes)
[    0.338869] Inode-cache hash table entries: 65536 (order: 7, 524288 bytes)
[    0.341924] Mount-cache hash table entries: 2048 (order: 2, 16384 bytes)
[    0.344459] Mountpoint-cache hash table entries: 2048 (order: 2, 16384 bytes)
[    0.347777] Initializing cgroup subsys io
[    0.349710] Initializing cgroup subsys memory
[    0.351795] Initializing cgroup subsys devices
[    0.353633] Initializing cgroup subsys freezer
[    0.355392] Initializing cgroup subsys net_cls
[    0.357087] Initializing cgroup subsys perf_event
[    0.358919] Initializing cgroup subsys net_prio
[    0.360689] Initializing cgroup subsys hugetlb
[    0.362558] Initializing cgroup subsys pids
[    0.364306] mce: CPU supports 0 MCE banks
[    0.366007] Last level iTLB entries: 4KB 512, 2MB 8, 4MB 8
[    0.367935] Last level dTLB entries: 4KB 512, 2MB 32, 4MB 32, 1GB 0
[    0.370094] Spectre V1 : Mitigation: usercopy/swapgs barriers and __user pointer sanitization
[    0.373279] Spectre V2 : Mitigation: Full generic retpoline
[    0.375334] Spectre V2 : Spectre v2 / SpectreRSB mitigation: Filling RSB on context switch
[    0.378549] Speculative Store Bypass: Vulnerable
[    0.380430] MDS: Vulnerable: Clear CPU buffers attempted, no microcode
[    0.388357] Freeing SMP alternatives memory: 36K
[    0.401124] ftrace: allocating 32380 entries in 127 pages
[    0.514532] smpboot: APIC(0) Converting physical 0 to logical package 0
[    0.516907] smpboot: Max logical packages: 1
[    0.519225] x2apic enabled
[    0.521055] Switched APIC routing to physical x2apic.
[    0.525553] ..TIMER: vector=0x30 apic1=0 pin1=2 apic2=-1 pin2=-1
[    0.635814] smpboot: CPU0: Intel(R) Core(TM) i7-3820 CPU @ 3.60GHz (family: 0x6, model: 0x2d, stepping: 0x7)
[    0.639612] Performance Events: unsupported p6 CPU model 45 no PMU driver, software events only.
[    0.656880] KVM setup paravirtual spinlock
[    0.659410] x86: Booting SMP configuration:
[    0.661023] .... node  #0, CPUs:      #1
[    0.662592] kvm-clock: cpu 1, msr 0:3ffe3041, secondary cpu clock
[    0.664473] mce: CPU supports 0 MCE banks
[    0.667266] x86: Booted up 1 node, 2 CPUs
[    0.669308] smpboot: Total of 2 processors activated (14408.88 BogoMIPS)
[    0.672233] devtmpfs: initialized
[    0.685788] evm: security.selinux
[    0.687435] evm: security.SMACK64
[    0.688931] evm: security.SMACK64EXEC
[    0.690419] evm: security.SMACK64TRANSMUTE
[    0.692155] evm: security.SMACK64MMAP
[    0.693641] evm: security.ima
[    0.694952] evm: security.capability
[    0.697281] clocksource: jiffies: mask: 0xffffffff max_cycles: 0xffffffff, max_idle_ns: 7645041785100000 ns
[    0.700930] futex hash table entries: 512 (order: 3, 32768 bytes)
[    0.703647] pinctrl core: initialized pinctrl subsystem
[    0.705683] RTC time:  6:10:44, date: 05/09/21
[    0.707647] NET: Registered protocol family 16
[    0.720506] cpuidle: using governor ladder
[    0.733181] cpuidle: using governor menu
[    0.734766] PCCT header not found.
[    0.736402] ACPI: bus type PCI registered
[    0.737972] acpiphp: ACPI Hot Plug PCI Controller Driver version: 0.5
[    0.740351] PCI: Using configuration type 1 for base access
[    0.757208] ACPI: Added _OSI(Module Device)
[    0.758842] ACPI: Added _OSI(Processor Device)
[    0.760565] ACPI: Added _OSI(3.0 _SCP Extensions)
[    0.762554] ACPI: Added _OSI(Processor Aggregator Device)
[    0.769926] ACPI: Executed 1 blocks of module-level executable AML code
[    0.783113] ACPI: Interpreter enabled
[    0.784672] ACPI: (supports S0 S5)
[    0.786103] ACPI: Using IOAPIC for interrupt routing
[    0.788322] PCI: Using host bridge windows from ACPI; if necessary, use "pci=nocrs" and report a bug
[    0.800410] ACPI: PCI Root Bridge [PCI0] (domain 0000 [bus 00-ff])
[    0.802646] acpi PNP0A03:00: _OSC: OS supports [ASPM ClockPM Segments MSI]
[    0.805765] acpi PNP0A03:00: _OSC: not requesting OS control; OS requires [ExtendedConfig ASPM ClockPM MSI]
[    0.809356] acpi PNP0A03:00: fail to add MMCONFIG information, can't access extended PCI configuration space under this bridge.
[    0.815633] PCI host bridge to bus 0000:00
[    0.819379] pci_bus 0000:00: root bus resource [io  0x0000-0x0cf7 window]
[    0.823462] pci_bus 0000:00: root bus resource [io  0x0d00-0xffff window]
[    0.825711] pci_bus 0000:00: root bus resource [mem 0x000a0000-0x000bffff window]
[    0.828700] pci_bus 0000:00: root bus resource [mem 0x40000000-0xfdffffff window]
[    0.832208] pci_bus 0000:00: root bus resource [bus 00-ff]
[    0.837255] pci 0000:00:01.1: legacy IDE quirk: reg 0x10: [io  0x01f0-0x01f7]
[    0.839612] pci 0000:00:01.1: legacy IDE quirk: reg 0x14: [io  0x03f6]
[    0.841817] pci 0000:00:01.1: legacy IDE quirk: reg 0x18: [io  0x0170-0x0177]
[    0.844183] pci 0000:00:01.1: legacy IDE quirk: reg 0x1c: [io  0x0376]
[    0.886780] pci 0000:00:07.0: quirk: [io  0x4000-0x403f] claimed by PIIX4 ACPI
[    0.889838] pci 0000:00:07.0: quirk: [io  0x4100-0x410f] claimed by PIIX4 SMB
[    0.901514] ACPI: PCI Interrupt Link [LNKA] (IRQs 5 9 10 *11)
[    0.904809] ACPI: PCI Interrupt Link [LNKB] (IRQs 5 9 *10 11)
[    0.907681] ACPI: PCI Interrupt Link [LNKC] (IRQs 5 *9 10 11)
[    0.910512] ACPI: PCI Interrupt Link [LNKD] (IRQs 5 9 10 *11)
[    0.913714] ACPI: Enabled 2 GPEs in block 00 to 07
[    0.916040] vgaarb: setting as boot device: PCI:0000:00:02.0
[    0.918164] vgaarb: device added: PCI:0000:00:02.0,decodes=io+mem,owns=io+mem,locks=none
[    0.921334] vgaarb: loaded
[    0.922670] vgaarb: bridge control possible 0000:00:02.0
[    0.925051] SCSI subsystem initialized
[    0.926713] ACPI: bus type USB registered
[    0.928331] usbcore: registered new interface driver usbfs
[    0.930651] usbcore: registered new interface driver hub
[    0.932693] usbcore: registered new device driver usb
[    0.937235] PCI: Using ACPI for IRQ routing
[    0.939356] NetLabel: Initializing
[    0.940792] NetLabel:  domain hash size = 128
[    0.942573] NetLabel:  protocols = UNLABELED CIPSOv4
[    0.944509] NetLabel:  unlabeled traffic allowed by default
[    0.946907] amd_nb: Cannot enumerate AMD northbridges
[    0.948971] clocksource: Switched to clocksource kvm-clock
[    0.969286] AppArmor: AppArmor Filesystem Enabled
[    0.971194] pnp: PnP ACPI init
[    0.974086] pnp: PnP ACPI: found 3 devices
[    0.984582] clocksource: acpi_pm: mask: 0xffffff max_cycles: 0xffffff, max_idle_ns: 2085701024 ns
[    0.988095] NET: Registered protocol family 2
[    0.990100] TCP established hash table entries: 8192 (order: 4, 65536 bytes)
[    0.992464] TCP bind hash table entries: 8192 (order: 5, 131072 bytes)
[    0.994816] TCP: Hash tables configured (established 8192 bind 8192)
[    0.997164] UDP hash table entries: 512 (order: 2, 16384 bytes)
[    0.999366] UDP-Lite hash table entries: 512 (order: 2, 16384 bytes)
[    1.001585] NET: Registered protocol family 1
[    1.003397] pci 0000:00:00.0: Limiting direct PCI/PCI transfers
[    1.005550] pci 0000:00:01.0: Activating ISA DMA hang workarounds
[    1.007940] Unpacking initramfs...
[    1.478845] Freeing initrd memory: 14884K
[    1.481175] RAPL PMU detected, API unit is 2^-32 Joules, 3 fixed counters 10737418240 ms ovfl timer
[    1.484985] hw unit of domain pp0-core 2^-0 Joules
[    1.486846] hw unit of domain package 2^-0 Joules
[    1.488628] hw unit of domain dram 2^-0 Joules
[    1.490476] clocksource: tsc: mask: 0xffffffffffffffff max_cycles: 0x33ec841ca82, max_idle_ns: 440795251943 ns
[    1.494284] platform rtc_cmos: registered platform RTC device (no PNP device found)
[    1.497619] Scanning for low memory corruption every 60 seconds
[    1.500125] audit: initializing netlink subsys (disabled)
[    1.502379] audit: type=2000 audit(1620540650.604:1): initialized
[    1.505388] Initialise system trusted keyring
[    1.507297] HugeTLB registered 2 MB page size, pre-allocated 0 pages
[    1.512612] zbud: loaded
[    1.514534] VFS: Disk quotas dquot_6.6.0
[    1.516191] VFS: Dquot-cache hash table entries: 512 (order 0, 4096 bytes)
[    1.519200] squashfs: version 4.0 (2009/01/31) Phillip Lougher
[    1.522114] fuse init (API version 7.23)
[    1.523894] Key type big_key registered
[    1.525549] Allocating IMA MOK and blacklist keyrings.
[    1.528403] Key type asymmetric registered
[    1.530723] Asymmetric key parser 'x509' registered
[    1.532867] Block layer SCSI generic (bsg) driver version 0.4 loaded (major 249)
[    1.535924] io scheduler noop registered
[    1.537471] io scheduler deadline registered (default)
[    1.539435] io scheduler cfq registered
[    1.541152] pci_hotplug: PCI Hot Plug PCI Core version: 0.5
[    1.543293] pciehp: PCI Express Hot Plug Controller Driver version: 0.4
[    1.545810] ACPI: AC Adapter [AC] (on-line)
[    1.547687] input: Power Button as /devices/LNXSYSTM:00/LNXPWRBN:00/input/input0
[    1.550716] ACPI: Power Button [PWRF]
[    1.552375] input: Sleep Button as /devices/LNXSYSTM:00/LNXSLPBN:00/input/input1
[    1.555524] ACPI: Sleep Button [SLPF]
[    1.557424] GHES: HEST is not enabled!
[    1.559063] Serial: 8250/16550 driver, 32 ports, IRQ sharing enabled
[    1.582451] 00:02: ttyS0 at I/O 0x3f8 (irq = 4, base_baud = 115200) is a 16550A
[    1.587673] Linux agpgart interface v0.103
[    1.591072] loop: module loaded
[    1.594062] scsi host0: ata_piix
[    1.595716] scsi host1: ata_piix
[    1.597351] ata1: PATA max UDMA/33 cmd 0x1f0 ctl 0x3f6 bmdma 0xd000 irq 14
[    1.599694] ata2: PATA max UDMA/33 cmd 0x170 ctl 0x376 bmdma 0xd008 irq 15
[    1.602247] libphy: Fixed MDIO Bus: probed
[    1.603872] tun: Universal TUN/TAP device driver, 1.6
[    1.605770] tun: (C) 1999-2004 Max Krasnyansky <maxk@qualcomm.com>
[    1.608029] PPP generic driver version 2.4.2
[    1.609809] ehci_hcd: USB 2.0 'Enhanced' Host Controller (EHCI) Driver
[    1.612051] ehci-pci: EHCI PCI platform driver
[    1.614363] ehci-platform: EHCI generic platform driver
[    1.616354] ohci_hcd: USB 1.1 'Open' Host Controller (OHCI) Driver
[    1.618567] ohci-pci: OHCI PCI platform driver
[    1.620287] ohci-platform: OHCI generic platform driver
[    1.622224] uhci_hcd: USB Universal Host Controller Interface driver
[    1.624514] i8042: PNP: PS/2 Controller [PNP0303:PS2K,PNP0f03:PS2M] at 0x60,0x64 irq 1,12
[    1.628302] serio: i8042 KBD port at 0x60,0x64 irq 1
[    1.630425] serio: i8042 AUX port at 0x60,0x64 irq 12
[    1.632964] mousedev: PS/2 mouse device common for all mice
[    1.635827] input: AT Translated Set 2 keyboard as /devices/platform/i8042/serio0/input/input2
[    1.639490] rtc_cmos rtc_cmos: rtc core: registered rtc_cmos as rtc0
[    1.641815] rtc_cmos rtc_cmos: alarms up to one day, 114 bytes nvram
[    1.643966] i2c /dev entries driver
[    1.645495] device-mapper: uevent: version 1.0.3
[    1.647644] device-mapper: ioctl: 4.34.0-ioctl (2015-10-28) initialised: dm-devel@redhat.com
[    1.651120] ledtrig-cpu: registered to indicate activity on CPUs
[    1.653600] NET: Registered protocol family 10
[    1.655581] NET: Registered protocol family 17
[    1.657267] Key type dns_resolver registered
[    1.659399] registered taskstats version 1
[    1.661032] Loading compiled-in X.509 certificates
[    1.664425] Loaded X.509 cert 'Build time autogenerated kernel key: cf00e047681d67edb2720680708b7d9498083038'
[    1.668442] zswap: loaded using pool lzo/zbud
[    1.672382] Key type trusted registered
[    1.678053] Key type encrypted registered
[    1.679751] AppArmor: AppArmor sha1 policy hashing enabled
[    1.681718] ima: No TPM chip found, activating TPM-bypass!
[    1.683848] ima: Allocated hash algorithm: sha1
[    1.685745] evm: HMAC attrs: 0x1
[    1.687612]   Magic number: 5:918:164
[    1.689346] rtc_cmos rtc_cmos: setting system clock to 2021-05-09 06:10:45 UTC (1620540645)
[    1.692625] BIOS EDD facility v0.16 2004-Jun-25, 0 devices found
[    1.694740] EDD information not available.
[    1.854904] Freeing unused kernel memory: 1492K
[    1.858375] Write protecting the kernel read-only data: 14336k
[    1.862774] Freeing unused kernel memory: 1584K
[    1.867404] Freeing unused kernel memory: 52K
Loading, please wait...
starting version 229
[    1.897161] random: systemd-udevd: uninitialized urandom read (16 bytes read, 2 bits of entropy available)
[    1.898407] random: udevadm: uninitialized urandom read (16 bytes read, 2 bits of entropy available)
[    1.898442] random: udevadm: uninitialized urandom read (16 bytes read, 2 bits of entropy available)
[    1.910985] random: systemd-udevd: uninitialized urandom read (16 bytes read, 2 bits of entropy available)
[    1.915622] random: systemd-udevd: uninitialized urandom read (16 bytes read, 2 bits of entropy available)
[    1.918786] random: udevadm: uninitialized urandom read (16 bytes read, 2 bits of entropy available)
[    1.918860] random: udevadm: uninitialized urandom read (16 bytes read, 2 bits of entropy available)
[    1.919131] random: udevadm: uninitialized urandom read (16 bytes read, 2 bits of entropy available)
[    1.919229] random: udevadm: uninitialized urandom read (16 bytes read, 2 bits of entropy available)
[    1.919332] random: udevadm: uninitialized urandom read (16 bytes read, 2 bits of entropy available)
[    2.031286] Fusion MPT base driver 3.04.20
[    2.033459] Copyright (c) 1999-2008 LSI Corporation
[    2.036514] e1000: Intel(R) PRO/1000 Network Driver - version 7.3.21-k8-NAPI
[    2.039168] e1000: Copyright (c) 1999-2006 Intel Corporation.
[    2.071971] Fusion MPT SPI Host driver 3.04.20
[    2.074220] AVX version of gcm_enc/dec engaged.
[    2.076165] AES CTR mode by8 optimization enabled
[    2.227463] input: ImExPS/2 Generic Explorer Mouse as /devices/platform/i8042/serio1/input/input4
[    2.494767] e1000 0000:00:03.0 eth0: (PCI:33MHz:32-bit) 02:ed:98:3c:8e:82
[    2.497311] e1000 0000:00:03.0 eth0: Intel(R) PRO/1000 Network Connection
[    2.500849] mptbase: ioc0: Initiating bringup
[    2.570030] ioc0: LSI53C1030 A0: Capabilities={Initiator}
[    2.736311] scsi host2: ioc0: LSI53C1030 A0, FwRev=00000000h, Ports=1, MaxQ=256, IRQ=20
[    2.854017] scsi 2:0:0:0: Direct-Access     VBOX     HARDDISK         1.0  PQ: 0 ANSI: 5
[    2.861337] scsi target2:0:0: Beginning Domain Validation
[    2.867990] scsi target2:0:0: Domain Validation skipping write tests
[    2.873973] scsi target2:0:0: Ending Domain Validation
[    2.876298] scsi target2:0:0: asynchronous
[    2.880834] scsi 2:0:1:0: Direct-Access     VBOX     HARDDISK         1.0  PQ: 0 ANSI: 5
[    2.884361] scsi target2:0:1: Beginning Domain Validation
[    2.914596] scsi target2:0:1: Domain Validation skipping write tests
[    2.916806] scsi target2:0:1: Ending Domain Validation
[    2.918920] scsi target2:0:1: asynchronous
[    2.938580] sd 2:0:0:0: Attached scsi generic sg0 type 0
[    2.940853] sd 2:0:0:0: [sda] 83886080 512-byte logical blocks: (42.9 GB/40.0 GiB)
[    2.944908] sd 2:0:1:0: [sdb] 20480 512-byte logical blocks: (10.5 MB/10.0 MiB)
[    2.950462] sd 2:0:1:0: Attached scsi generic sg1 type 0
[    2.953417] sd 2:0:0:0: [sda] Write Protect is off
[    2.957233] sd 2:0:1:0: [sdb] Write Protect is off
[    2.959854] sd 2:0:0:0: [sda] Incomplete mode parameter data
[    2.962065] sd 2:0:0:0: [sda] Assuming drive cache: write through
[    2.964909] sd 2:0:1:0: [sdb] Incomplete mode parameter data
[    2.967112] sd 2:0:1:0: [sdb] Assuming drive cache: write through
[    2.973297]  sda: sda1
[    2.976808] sd 2:0:0:0: [sda] Attached SCSI disk
[    2.979389] sd 2:0:1:0: [sdb] Attached SCSI disk
[    3.328846] e1000 0000:00:08.0 eth1: (PCI:33MHz:32-bit) 08:00:27:2b:56:1a
[    3.331708] e1000 0000:00:08.0 eth1: Intel(R) PRO/1000 Network Connection
[    3.335809] e1000 0000:00:08.0 enp0s8: renamed from eth1
[    3.349620] e1000 0000:00:03.0 enp0s3: renamed from eth0
Begin: Loading essential drivers ... [    5.282521] md: linear personality registered for level -1
[    5.288106] md: multipath personality registered for level -4
[    5.293626] md: raid0 personality registered for level 0
[    5.301137] md: raid1 personality registered for level 1
[    5.373017] raid6: sse2x1   gen()  2674 MB/s
[    5.441039] raid6: sse2x1   xor()  1872 MB/s
[    5.509010] raid6: sse2x2   gen()  4791 MB/s
[    5.577005] raid6: sse2x2   xor()  3087 MB/s
[    5.645013] raid6: sse2x4   gen()  7931 MB/s
[    5.713003] raid6: sse2x4   xor()  4261 MB/s
[    5.714935] raid6: using algorithm sse2x4 gen() 7931 MB/s
[    5.716886] raid6: .... xor() 4261 MB/s, rmw enabled
[    5.718851] raid6: using ssse3x2 recovery algorithm
[    5.722179] xor: automatically using best checksumming function:
[    5.760996]    avx       : 18150.000 MB/sec
[    5.765223] async_tx: api initialized (async)
[    5.780027] md: raid6 personality registered for level 6
[    5.782404] md: raid5 personality registered for level 5
[    5.784459] md: raid4 personality registered for level 4
[    5.796434] md: raid10 personality registered for level 10
done.
Begin: Running /scripts/init-premount ... done.
Begin: Mounting root file system ... Begin: Running /scripts/local-top ... done.
Begin: Running /scripts/local-premount ... [    5.857403] Btrfs loaded
Scanning for Btrfs filesystems
done.
Warning: fsck not present, so skipping root file system
[    5.900379] EXT4-fs (sda1): mounted filesystem with ordered data mode. Opts: (null)
done.
Begin: Running /scripts/local-bottom ... done.
Begin: Running /scripts/init-bottom ... done.
[    6.037231] systemd[1]: systemd 229 running in system mode. (+PAM +AUDIT +SELINUX +IMA +APPARMOR +SMACK +SYSVINIT +UTMP +LIBCRYPTSETUP +GCRYPT +GNUTLS +ACL +XZ -LZ4 +SECCOMP +BLKID +ELFUTILS +KMOD -IDN)
[    6.045848] systemd[1]: Detected virtualization oracle.
[    6.048733] systemd[1]: Detected architecture x86-64.

Welcome to [1mUbuntu 16.04.7 LTS[0m!

[    6.055113] systemd[1]: Set hostname to <ubuntu>.
[    6.058901] systemd[1]: Initializing machine ID from random generator.
[    6.061283] systemd[1]: Installed transient /etc/machine-id file.
[    6.234076] systemd[1]: Listening on /dev/initctl Compatibility Named Pipe.
[[0;32m  OK  [0m] Listening on /dev/initctl Compatibility Named Pipe.
[    6.238202] systemd[1]: Listening on udev Kernel Socket.
[[0;32m  OK  [0m] Listening on udev Kernel Socket.
[    6.241568] systemd[1]: Listening on fsck to fsckd communication Socket.
[[0;32m  OK  [0m] Listening on fsck to fsckd communication Socket.
[    6.299165] systemd[1]: Listening on Journal Socket (/dev/log).
[[0;32m  OK  [0m] Listening on Journal Socket (/dev/log).
[    6.303580] systemd[1]: Started Trigger resolvconf update for networkd DNS.
[[0;32m  OK  [0m] Started Trigger resolvconf update for networkd DNS.
[    6.309665] systemd[1]: Reached target Encrypted Volumes.
[[0;32m  OK  [0m] Reached target Encrypted Volumes.
[    6.314475] systemd[1]: Listening on Syslog Socket.
[[0;32m  OK  [0m] Listening on Syslog Socket.
[    6.319939] systemd[1]: Reached target System Time Synchronized.
[[0;32m  OK  [0m] Reached target System Time Synchronized.
[    6.325004] systemd[1]: Listening on LVM2 metadata daemon socket.
[[0;32m  OK  [0m] Listening on LVM2 metadata daemon socket.
[    6.330360] systemd[1]: Listening on Journal Socket.
[[0;32m  OK  [0m] Listening on Journal Socket.
[    6.333754] systemd[1]: Listening on Journal Audit Socket.
[[0;32m  OK  [0m] Listening on Journal Audit Socket.
[    6.337178] systemd[1]: Reached target Swap.
[[0;32m  OK  [0m] Reached target Swap.
[    6.340084] systemd[1]: Reached target User and Group Name Lookups.
[[0;32m  OK  [0m] Reached target User and Group Name Lookups.
[    6.344126] systemd[1]: Listening on Device-mapper event daemon FIFOs.
[[0;32m  OK  [0m] Listening on Device-mapper event daemon FIFOs.
[    6.350489] systemd[1]: Created slice User and Session Slice.
[[0;32m  OK  [0m] Created slice User and Session Slice.
[    6.357478] systemd[1]: Created slice System Slice.
[[0;32m  OK  [0m] Created slice System Slice.
[    6.374010] systemd[1]: Starting File System Check on Root Device...
         Starting File System Check on Root Device...
[    6.388603] systemd[1]: Mounting Debug File System...
         Mounting Debug File System...
[    6.396264] systemd[1]: Starting Load Kernel Modules...
         Starting Load Kernel Modules...
[    6.406540] systemd[1]: Starting Uncomplicated firewall...
         Starting Uncomplicated firewall...
[    6.411500] Loading iSCSI transport class v2.0-870.
[    6.412196] systemd[1]: Mounting POSIX Message Queue File System...
         Mounting POSIX Message Queue File System...
[    6.419195] systemd[1]: Reached target Slices.
[[0;32m  OK  [0m] Reached target Slices.
[    6.424740] systemd[1]: Starting Create list of required static device nodes for the current kernel...
         Starting Create list of required st... nodes for the current kernel...
[    6.431809] systemd[1]: Starting Monitoring of LVM2 mirrors, snapshots etc. using dmeventd or progress polling...
[    6.436415] iscsi: registered transport (tcp)
         Starting Monitoring of LVM2 mirrors... dmeventd or progress polling...
[    6.441450] systemd[1]: Starting Set console keymap...
         Starting Set console keymap...
[    6.446294] systemd[1]: Starting Journal Service...
         Starting Journal Service...
[    6.454408] systemd[1]: Created slice system-serial\x2dgetty.slice.
[[0;32m  OK  [0m] Created slice system-serial\x2dgetty.slice.
[    6.458411] systemd[1]: Set up automount Arbitrary Executable File Formats File System Automount Point.
[[0;32m  OK  [0m] Set up automount Arbitrary Executab...ats File System Automount Point.
[    6.468017] systemd[1]: Listening on udev Control Socket.
[[0;32m  OK  [0m] Listening on udev Control Socket.
[    6.472569] systemd[1]: Starting Nameserver information manager...
         Starting Nameserver information manager...
[    6.476212] systemd[1]: Started Forward Password Requests to Wall Directory Watch.
[[0;32m  OK  [0m] Started Forward Password Requests to Wall Directory Watch.
[    6.488831] systemd[1]: Mounting Huge Pages File System...
         Mounting Huge Pages File System...
[    6.495416] systemd[1]: Listening on LVM2 poll daemon socket.
[[0;32m  OK  [0m] Listening on LVM2 poll daemon socket.
[    6.512639] systemd[1]: Mounted POSIX Message Queue File System.
[[0;32m  OK  [0m] Mounted POSIX Message Queue File System.
[    6.517093] systemd[1]: Mounted Debug File System.
[[0;32m  OK  [0m] Mounted Debug File System.
[    6.520581] systemd[1]: Mounted Huge Pages File System.
[[0;32m  OK  [0m] Mounted Huge Pages File System.
[    6.525624] systemd[1]: Started File System Check on Root Device.
[[0;32m  OK  [0m] Started File System Check on Root Device.
[    6.535105] systemd[1]: Started Uncomplicated firewall.
[[0;32m  OK  [0m] Started Uncomplicated firewall.
[    6.539487] systemd[1]: Started Create list of required static device nodes for the current kernel.
[[0;32m  OK  [0m] Started Create list of required sta...ce nodes for the current kernel.
[    6.544960] iscsi: registered transport (iser)
[    6.550355] systemd[1]: Started Load Kernel Modules.
[[0;32m  OK  [0m] Started Load Kernel Modules.
[    6.576167] systemd[1]: Started Journal Service.
[[0;32m  OK  [0m] Started Journal Service.
[[0;32m  OK  [0m] Started Nameserver information manager.
[[0;32m  OK  [0m] Started LVM2 metadata daemon.
[[0;32m  OK  [0m] Started File System Check Daemon to report status.
         Starting Apply Kernel Variables...
         Mounting FUSE Control File System...
         Starting Create Static Device Nodes in /dev...
         Starting Remount Root and Kernel File Systems...
[[0;32m  OK  [0m] Mounted FUSE Control File System.
[    6.621108] EXT4-fs (sda1): re-mounted. Opts: (null)
[[0;32m  OK  [0m] Started Apply Kernel Variables.
[[0;32m  OK  [0m] Started Remount Root and Kernel File Systems.
[[0;32m  OK  [0m] Started Create Static Device Nodes in /dev.
         Starting udev Kernel Device Manager...
         Starting Load/Save Random Seed...
         Starting udev Coldplug all Devices...
         Starting Flush Journal to Persistent Storage...
[[0;32m  OK  [0m] Started Load/Save Random Seed.
[[0;32m  OK  [0m] Started udev Kernel Device Manager.
[[0;32m  OK  [0m] Started Set console keymap.
[[0;32m  OK  [0m] Started Flush Journal to Persistent Storage.
[[0;32m  OK  [0m] Started udev Coldplug all Devices.
[[0;32m  OK  [0m] Started Dispatch Password Requests to Console Directory Watch.
[[0;32m  OK  [0m] Found device /dev/ttyS0.
[[0;32m  OK  [0m] Started Monitoring of LVM2 mirrors,...ng dmeventd or progress polling.
[[0;32m  OK  [0m] Reached target Local File Systems (Pre).
[[0;32m  OK  [0m] Reached target Local File Systems.
         Starting Set console font and keymap...
         Starting LSB: AppArmor initialization...
         Starting Commit a transient machine-id on disk...
         Starting Initial cloud-init job (pre-networking)...
         Starting Create Volatile Files and Directories...
         Starting Tell Plymouth To Write Out Runtime Data...
[[0;32m  OK  [0m] Started Tell Plymouth To Write Out Runtime Data.
[[0;32m  OK  [0m] Started Create Volatile Files and Directories.
         Starting Update UTMP about System Boot/Shutdown...
[[0;32m  OK  [0m] Started Commit a transient machine-id on disk.
[[0;32m  OK  [0m] Started Update UTMP about System Boot/Shutdown.
[[0;32m  OK  [0m] Listening on Load/Save RF Kill Switch Status /dev/rfkill Watch.
[    8.882214] cloud-init[548]: Cloud-init v. 21.1-19-gbad84ad4-0ubuntu1~16.04.2 running 'init-local' at Sun, 09 May 2021 06:10:52 +0000. Up 8.02 seconds.
[[0;32m  OK  [0m] Started Initial cloud-init job (pre-networking).
[[0;32m  OK  [0m] Reached target Network (Pre).
[[0;32m  OK  [0m] Started LSB: AppArmor initialization.
         Starting Load AppArmor profiles managed internally by snapd...
         Starting Raise network interfaces...
[[0;32m  OK  [0m] Started Load AppArmor profiles managed internally by snapd.
[[0;32m  OK  [0m] Started Set console font and keymap.
[[0;32m  OK  [0m] Created slice system-getty.slice.
[[0;32m  OK  [0m] Started Raise network interfaces.
[[0;32m  OK  [0m] Reached target Network.
         Starting Initial cloud-init job (metadata service crawler)...
[   12.399885] cloud-init[989]: Cloud-init v. 21.1-19-gbad84ad4-0ubuntu1~16.04.2 running 'init' at Sun, 09 May 2021 06:10:55 +0000. Up 11.09 seconds.
[   12.402928] cloud-init[989]: ci-info: ++++++++++++++++++++++++++++++++++++++Net device info+++++++++++++++++++++++++++++++++++++++
[   12.405784] cloud-init[989]: ci-info: +--------+-------+----------------------------+---------------+--------+-------------------+
[   12.416710] cloud-init[989]: ci-info: | Device |   Up  |          Address           |      Mask     | Scope  |     Hw-Address    |
[   12.419666] cloud-init[989]: ci-info: +--------+-------+----------------------------+---------------+--------+-------------------+
[   12.424393] cloud-init[989]: ci-info: | enp0s3 |  True |         10.0.2.15          | 255.255.255.0 | global | 02:ed:98:3c:8e:82 |
[   12.432414] cloud-init[989]: ci-info: | enp0s3 |  True | fe80::ed:98ff:fe3c:8e82/64 |       .       |  link  | 02:ed:98:3c:8e:82 |
[   12.436364] cloud-init[989]: ci-info: | enp0s8 | False |             .              |       .       |   .    | 08:00:27:2b:56:1a |
[   12.444422] cloud-init[989]: ci-info: |   lo   |  True |         127.0.0.1          |   255.0.0.0   |  host  |         .         |
[   12.448553] cloud-init[989]: ci-info: |   lo   |  True |          ::1/128           |       .       |  host  |         .         |
[   12.456487] cloud-init[989]: ci-info: +--------+-------+----------------------------+---------------+--------+-------------------+
[   12.464570] cloud-init[989]: ci-info: +++++++++++++++++++++++++++Route IPv4 info++++++++++++++++++++++++++++
[   12.467677] cloud-init[989]: ci-info: +-------+-------------+----------+---------------+-----------+-------+
[   12.470985] cloud-init[989]: ci-info: | Route | Destination | Gateway  |    Genmask    | Interface | Flags |
[   12.474495] cloud-init[989]: ci-info: +-------+-------------+----------+---------------+-----------+-------+
[   12.476742] cloud-init[989]: ci-info: |   0   |   0.0.0.0   | 10.0.2.2 |    0.0.0.0    |   enp0s3  |   UG  |
[   12.480097] cloud-init[989]: ci-info: |   1   |   10.0.2.0  | 0.0.0.0  | 255.255.255.0 |   enp0s3  |   U   |
[   12.483507] cloud-init[989]: ci-info: +-------+-------------+----------+---------------+-----------+-------+
[   12.486941] cloud-init[989]: ci-info: +++++++++++++++++++Route IPv6 info+++++++++++++++++++
[   12.489342] cloud-init[989]: ci-info: +-------+-------------+---------+-----------+-------+
[   12.492118] cloud-init[989]: ci-info: | Route | Destination | Gateway | Interface | Flags |
[   12.495246] cloud-init[989]: ci-info: +-------+-------------+---------+-----------+-------+
[   12.497807] cloud-init[989]: ci-info: |   0   |  fe80::/64  |    ::   |   enp0s3  |   U   |
[   12.500172] cloud-init[989]: ci-info: |   3   |   ff00::/8  |    ::   |   enp0s3  |   U   |
[   12.502470] [[0;32m  OK  [0m] Started Initial cloud-init job (metadata service crawler).
[[0;32m  OK  [0m] Reached target System Initialization.
[[0;32m  OK  [0m] Started Message of the Day.
cloud-init[989]: ci-info: +-------+-------------+---------+-----------+-------+
[   12.507815]          Starting Socket activation for snappy daemon.
[[0;32m  OK  [0m] Started Daily Cleanup of Temporary Directories.
cloud-init[989]: Generating public/private rsa key pair.
[   12.511664]          Starting LXD - unix socket.
[[0;32m  OK  [0m] Listening on D-Bus System Message Bus Socket.
[[0;32m  OK  [0m] Started Daily apt download activities.
[[0;32m  OK  [0m] Started Daily apt upgrade and clean activities.
cloud-init[989]: Your identification has been saved in /etc/ssh/ssh_host_rsa_key.
[   12.518218] cloud-init[989]: Your public key has been saved in /etc/ssh/ssh_host_rsa_key.pub.
[   12.520428] cloud-init[989]: The key fingerprint is:
[   12.520787] cloud-init[989]: SHA256:6SKVJuAjbOqMt/zVzWvrYcetXB+ywkPg4m0rNBKHGhU root@ubuntu-xenial
[   12.521784] cloud-init[989]: The key's randomart image is:
[   12.522981] cloud-init[989]: +---[RSA 2048]----+
[   12.523294] cloud-init[989]: |     E.          |
[   12.523496] cloud-init[989]: |     .           |
[   12.523922] cloud-init[989]: |  . . .          |
[   12.524231] cloud-init[989]: |.. o o o o       |
[   12.525886] cloud-init[989]: |.oo + * S .      |
[   12.526578] cloud-init[989]: |o. o = * + o .   |
[   12.527327] cloud-init[989]: |.   . * * B o.o. |
[   12.528115] cloud-init[989]: |+..  o + +.O oo..|
[   12.529419] cloud-init[989]: |.+oo.   o+=.=.  .|
[   12.530053] cloud-init[989]: +----[SHA256]-----+
[   12.530510] cloud-init[989]: Generating public/private dsa key pair.
[   12.530874] cloud-init[989]: Your identification has been saved in /etc/ssh/ssh_host_dsa_key.
[   12.531411] cloud-init[989]: Your public key has been saved in /etc/ssh/ssh_host_dsa_key.pub.
[   12.531500] cloud-init[989]: The key fingerprint is:
[   12.531793] cloud-init[989]: SHA256:Fi/uKmqZ0pTRvaLSTwvAoG8EuHIGwvGKRVzqa5cfokU root@ubuntu-xenial
[   12.532863] cloud-init[989]: The key's randomart image is:
[   12.533501] cloud-init[989]: +---[DSA 1024]----+
[   12.533685] cloud-init[989]: | o...            |
[   12.534398] cloud-init[989]: |o.+.             |
[   12.535077] cloud-init[989]: |*.oo .  .        |
[   12.536564] cloud-init[989]: |**o . .  o       |
[   12.538170] cloud-init[989]: |*o=oE  .S .      |
[   12.539115] cloud-init[989]: |.*oo...o .       |
[   12.540093] cloud-init[989]: | +*+*.. .        |
[   12.540461] cloud-init[989]: |ooB*.+ o         |
[   12.540980] cloud-init[989]: | +ooo.o..        |
[   12.542137] cloud-init[989]: +----[SHA256]-----+
[   12.542991] cloud-init[989]: Generating public/private ecdsa key pair.
[   12.543812] cloud-init[989]: Your identification has been saved in /etc/ssh/ssh_host_ecdsa_key.
[   12.546317] cloud-init[989]: Your public key has been saved in /etc/ssh/ssh_host_ecdsa_key.pub.
[   12.561433] cloud-init[989]: The key fingerprint is:
[   12.564211] cloud-init[989]: SHA256:Tl3+Skn6743QMwDPUIns71KG4YnWsMNVD1YuD+Xrr6U root@ubuntu-xenial
[   12.565857] cloud-init[989]: The key's randomart image is:
[   12.566476] cloud-init[989]: +---[ECDSA 256]---+
[   12.566601] cloud-init[989]: |         . ..oo  |
[   12.567559] cloud-init[989]: |          o.=+   |
[   12.568743] cloud-init[989]: |         .oo+oo  |
[   12.569519] cloud-init[989]: |        ..+B +.. |
[   12.570410] cloud-init[989]: |       .SB.=* o  |
[   12.571264] cloud-init[989]: |       o* =o+*   |
[   12.572380] cloud-init[989]: |       ....++ * .|
[   12.574286] cloud-init[989]: |          .o.o O |
[   12.575376] cloud-init[989]: |           .ooE.o|
[   12.577802] cloud-init[989]: +----[SHA256]-----+
[[0;32m  OK  [0m] Reached target Timers.
[   12.578270] cloud-init[989]: Generating public/private ed25519 key pair.
[   12.578970] cloud-init[989]: Your identification has been saved in /etc/ssh/ssh_host_ed25519_key.
[   12.581981] cloud-init[989]: Your public key has been saved in /etc/ssh/ssh_host_ed25519_key.pub.
[   12.583556] cloud-init[989]: The key fingerprint is:
[   12.584611] cloud-init[989]: SHA256:SXNRBiLen89x1R7D2LI35sXbyn+CcpJ7YRebCHJnGWo root@ubuntu-xenial
[   12.587651] cloud-init[989]: The key's randomart image is:
[   12.588759] cloud-init[989]: +--[ED25519 256]--+
[   12.589220] cloud-init[989]: |      . . ooo    |
[   12.591457] cloud-init[989]: |     . o . o. + .|
[   12.592562] cloud-init[989]: |      . + .. = =o|
[   12.593669] cloud-init[989]: |       ..=E.+ ++o|
[   12.594730] cloud-init[989]: |        S+o+.o.B+|
[   12.595328] cloud-init[989]: |           o+oB =|
[   12.597256] cloud-init[989]: |           oo+ o.|
[[0;32m  OK  [0m] Listening on ACPID Listen Socket.
[   12.597385] cloud-init[989]: |          + +....|
[[0;32m  OK  [0m[   12.601171] cloud-init[989]: |          .*  ooo|
[   12.601633] cloud-init[989]: +----[SHA256]-----+
] Listening on UUID daemon activation socket.
[[0;32m  OK  [0m] Started ACPI Events Check.
[[0;32m  OK  [0m] Reached target Paths.
[[0;32m  OK  [0m] Reached target Cloud-config availability.
[[0;32m  OK  [0m] Reached target Network is Online.
         Starting iSCSI initiator daemon (iscsid)...
[[0;32m  OK  [0m] Listening on Socket activation for snappy daemon.
[[0;32m  OK  [0m] Listening on LXD - unix socket.
[[0;32m  OK  [0m] Reached target Sockets.
[[0;32m  OK  [0m] Reached target Basic System.
         Starting Pollinate to seed the pseudo random number generator...
         Starting LSB: Record successful boot for GRUB...
         Starting Accounts Service...
         Starting LXD - container startup/shutdown...
[[0;32m  OK  [0m] Started ACPI event daemon.
         Starting Login Service...
         Starting LSB: MD monitoring daemon...
         Starting Virtualbox guest utils...
         Starting Snap Daemon...
[[0;32m  OK  [0m] Started D-Bus System Message Bus.
[[0;32m  OK  [0m] Started Deferred execution scheduler.
[[0;32m  OK  [0m] Started FUSE filesystem for LXC.
[[0;32m  OK  [0m] Started Regular background program processing daemon.
         Starting /etc/rc.local Compatibility...
         Starting System Logging Service...
[[0;32m  OK  [0m] Started /etc/rc.local Compatibility.
[[0;32m  OK  [0m] Started iSCSI initiator daemon (iscsid).
[[0;32m  OK  [0m] Started Login Service.
[[0;32m  OK  [0m] Started Unattended Upgrades Shutdown.
         Starting Login to default iSCSI targets...
         Starting Authenticate and Authorize Users to Run Privileged Tasks...
[[0;32m  OK  [0m] Started System Logging Service.
[[0;32m  OK  [0m] Started LSB: Record successful boot for GRUB.
[[0;32m  OK  [0m] Started LSB: MD monitoring daemon.
[[0;32m  OK  [0m] Started LXD - container startup/shutdown.
[[0;32m  OK  [0m] Started Authenticate and Authorize Users to Run Privileged Tasks.
[[0;32m  OK  [0m] Started Accounts Service.
[[0;32m  OK  [0m] Started Login to default iSCSI targets.
[[0;32m  OK  [0m] Reached target Remote File Systems (Pre).
[[0;32m  OK  [0m] Reached target Remote File Systems.
         Starting LSB: automatic crash report generation...
         Starting Permit User Sessions...
         Starting LSB: daemon to balance interrupts for SMP systems...
         Starting LSB: Set the CPU Frequency Scaling governor to "ondemand"...
[[0;32m  OK  [0m] Started Permit User Sessions.
         Starting Hold until boot process finishes up...
         Starting Terminate Plymouth Boot Screen...
[[0;32m  OK  [0m] Started Hold until boot process finishes up.
         Starting Set console scheme...
[[0;32m  OK  [0m] Started Serial Getty on ttyS0.
[[0;32m  OK  [0m] Started Getty on tty1.
[[0;32m  OK  [0m] Reached target Login Prompts.
[[0;32m  OK  [0m] Started Set console scheme.
[[0;32m  OK  [0m] Started Terminate Plymouth Boot Screen.
[[0;32m  OK  [0m] Started LSB: Set the CPU Frequency Scaling governor to "ondemand".
[[0;32m  OK  [0m] Started LSB: automatic crash report generation.
[[0;32m  OK  [0m] Started Virtualbox guest utils.
[[0;32m  OK  [0m] Started LSB: daemon to balance interrupts for SMP systems.
[[0;32m  OK  [0m] Started Snap Daemon.
         Starting Wait until snapd is fully seeded...
[[0;32m  OK  [0m] Started Pollinate to seed the pseudo random number generator.
         Starting OpenBSD Secure Shell server...
[[0;32m  OK  [0m] Started OpenBSD Secure Shell server.
[[0;32m  OK  [0m] Created slice User Slice of vagrant.
         Starting User Manager for UID 1000...
[[0;32m  OK  [0m] Started Session 1 of user vagrant.
[[0;32m  OK  [0m] Started User Manager for UID 1000.

Ubuntu 16.04.7 LTS ubuntu-xenial ttyS0

ubuntu-xenial login: [   21.391214] cloud-init[1707]: Generating locales (this might take a while)...
[   23.772880] cloud-init[1707]:   en_US.UTF-8... done
[   23.774575] cloud-init[1707]: Generation complete.
[   24.402570] cloud-init[1707]: Cloud-init v. 21.1-19-gbad84ad4-0ubuntu1~16.04.2 running 'modules:config' at Sun, 09 May 2021 06:11:05 +0000. Up 21.17 seconds.
ci-info: no authorized SSH keys fingerprints found for user ubuntu.
<14>May  9 06:11:09 ec2: 
<14>May  9 06:11:09 ec2: #############################################################
<14>May  9 06:11:09 ec2: -----BEGIN SSH HOST KEY FINGERPRINTS-----
<14>May  9 06:11:09 ec2: 1024 SHA256:Fi/uKmqZ0pTRvaLSTwvAoG8EuHIGwvGKRVzqa5cfokU root@ubuntu-xenial (DSA)
<14>May  9 06:11:09 ec2: 256 SHA256:Tl3+Skn6743QMwDPUIns71KG4YnWsMNVD1YuD+Xrr6U root@ubuntu-xenial (ECDSA)
<14>May  9 06:11:09 ec2: 256 SHA256:SXNRBiLen89x1R7D2LI35sXbyn+CcpJ7YRebCHJnGWo root@ubuntu-xenial (ED25519)
<14>May  9 06:11:09 ec2: 2048 SHA256:6SKVJuAjbOqMt/zVzWvrYcetXB+ywkPg4m0rNBKHGhU root@ubuntu-xenial (RSA)
<14>May  9 06:11:09 ec2: -----END SSH HOST KEY FINGERPRINTS-----
<14>May  9 06:11:09 ec2: #############################################################
-----BEGIN SSH HOST KEY KEYS-----
ecdsa-sha2-nistp256 AAAAE2VjZHNhLXNoYTItbmlzdHAyNTYAAAAIbmlzdHAyNTYAAABBBFDtCW/FZx1PBuHV+MvpViS+3EkVUqnaMgLYPZirpbvArtoRKjDEP5nkV0vAw2cjWWtp7ZGXZUgzSBdYjEL4fds= root@ubuntu-xenial
ssh-ed25519 AAAAC3NzaC1lZDI1NTE5AAAAIF4aVyS9YNEsiXHjaJQ32tLbCTVb7OrhPGS9kBNs6gSx root@ubuntu-xenial
ssh-rsa AAAAB3NzaC1yc2EAAAADAQABAAABAQC8sqWo41JWkB5sb6WY+C6DLG6K1q7ORPQoCTZiKif06EfZdPqCCmqcGZJP1PVbXNwrWBnpngwzKEjC9yEkfvBs0Ym5YZo5TBFaB0NwKk1AW4YLCj+TIe4V2ZV4LLNcdLkeK9fWtlkz7pNwOeN/ofA8f9yjZL6pVyktZtcy7mo8pcybCN6D5lfQQi7aAF8C9VMUCRrv8MPm6DbMW54mQYXgKKKS1tjAF6554fsTfe+MWxvsvwzovceGZaNTRT3RGMNWhA7faw/sjDUhuh/gueXetIAI9D/gft0qE3PfyzoJ37Nma7EpgloIxWhc//o7OcA+HmPvE2YmT0BQWAONOoip root@ubuntu-xenial
-----END SSH HOST KEY KEYS-----
[   25.435090] cloud-init[2063]: Cloud-init v. 21.1-19-gbad84ad4-0ubuntu1~16.04.2 running 'modules:final' at Sun, 09 May 2021 06:11:09 +0000. Up 25.12 seconds.
[   25.438338] cloud-init[2063]: ci-info: no authorized SSH keys fingerprints found for user ubuntu.
[   25.440489] cloud-init[2063]: Cloud-init v. 21.1-19-gbad84ad4-0ubuntu1~16.04.2 finished at Sun, 09 May 2021 06:11:09 +0000. Datasource DataSourceNoCloud [seed=/dev/sdb][dsmode=net].  Up 25.41 seconds
